19:12:51 **** Incremental Build of configuration Debug for project icm42688p ****
make -j8 all 
arm-none-eabi-gcc "../Core/Src/main.c" -mcpu=cortex-m7 -std=gnu11 -g3 -DDEBUG -DUSE_PWR_LDO_SUPPLY -DUSE_HAL_DRIVER -DSTM32H723xx -c -I../Core/Inc -I../Drivers/STM32H7xx_HAL_Driver/Inc -I../Drivers/STM32H7xx_HAL_Driver/Inc/Legacy -I../Drivers/CMSIS/Device/ST/STM32H7xx/Include -I../Drivers/CMSIS/Include -O0 -ffunction-sections -fdata-sections -Wall -fstack-usage -fcyclomatic-complexity -MMD -MP -MF"Core/Src/main.d" -MT"Core/Src/main.o" --specs=nano.specs -mfpu=fpv5-d16 -mfloat-abi=hard -mthumb -o "Core/Src/main.o"
../Core/Src/main.c: In function 'main':
../Core/Src/main.c:348:19: warning: unused variable 'imu' [-Wunused-variable]
  348 |   ICM42688_Data_t imu;
      |                   ^~~
arm-none-eabi-gcc -o "icm42688p.elf" @"objects.list"   -mcpu=cortex-m7 -T"C:\Users\SPEL\Desktop\SPEL\icm42688p-stm-rpi\icm42688p\STM32H723VGTX_FLASH.ld" --specs=nosys.specs -Wl,-Map="icm42688p.map" -Wl,--gc-sections -static --specs=nano.specs -mfpu=fpv5-d16 -mfloat-abi=hard -mthumb -Wl,--start-group -lc -lm -Wl,--end-group
Finished building target: icm42688p.elf
 
arm-none-eabi-size  icm42688p.elf 
arm-none-eabi-objdump -h -S icm42688p.elf  > "icm42688p.list"
   text	   data	    bss	    dec	    hex	filename
  24880	     16	   2024	  26920	   6928	icm42688p.elf
Finished building: default.size.stdout
 
Finished building: icm42688p.list
 

19:12:52 Build Finished. 0 errors, 1 warnings. (took 1s.467ms)

